------------------------------------------------------------
TimeQuest Timing Analyzer Summary
------------------------------------------------------------

Type  : Slow Model Setup 'clk25'
Slack : -12.051
TNS   : -373.197

Type  : Slow Model Setup 'gameClock'
Slack : -9.843
TNS   : -505.780

Type  : Slow Model Setup 'clk50_in'
Slack : -2.409
TNS   : -26.204

Type  : Slow Model Hold 'clk50_in'
Slack : -2.541
TNS   : -2.541

Type  : Slow Model Hold 'clk25'
Slack : 0.391
TNS   : 0.000

Type  : Slow Model Hold 'gameClock'
Slack : 0.391
TNS   : 0.000

Type  : Slow Model Minimum Pulse Width 'clk50_in'
Slack : -1.380
TNS   : -23.380

Type  : Slow Model Minimum Pulse Width 'gameClock'
Slack : -0.500
TNS   : -92.000

Type  : Slow Model Minimum Pulse Width 'clk25'
Slack : -0.500
TNS   : -73.000

Type  : Fast Model Setup 'clk25'
Slack : -4.582
TNS   : -126.736

Type  : Fast Model Setup 'gameClock'
Slack : -3.711
TNS   : -175.326

Type  : Fast Model Setup 'clk50_in'
Slack : -0.629
TNS   : -2.696

Type  : Fast Model Hold 'clk50_in'
Slack : -1.585
TNS   : -1.585

Type  : Fast Model Hold 'clk25'
Slack : 0.215
TNS   : 0.000

Type  : Fast Model Hold 'gameClock'
Slack : 0.215
TNS   : 0.000

Type  : Fast Model Minimum Pulse Width 'clk50_in'
Slack : -1.380
TNS   : -23.380

Type  : Fast Model Minimum Pulse Width 'gameClock'
Slack : -0.500
TNS   : -92.000

Type  : Fast Model Minimum Pulse Width 'clk25'
Slack : -0.500
TNS   : -73.000

------------------------------------------------------------
